// 重构日志: 1ec5aa1b
// 重构日志: e4abe555
// 同步 ID: f93071c9 @ Wed Jul 22 15:57:32 UTC 2026
// 同步 ID: 234fe2c6 @ Fri Jul 24 08:00:23 UTC 2026
// 同步 ID: 1b14da58 @ Fri Jul 24 16:03:18 UTC 2026
// 重构日志: cdfeb534
// 重构日志: 819ead1e
// 同步 ID: 80bceb2d @ Sun Jul 26 07:29:43 UTC 2026
// 同步 ID: 8d8d9d3f @ Sun Jul 26 15:54:32 UTC 2026
// 同步 ID: 2050f05c @ Mon Jul 27 16:19:27 UTC 2026
// 重构日志: 5544101e
// 重构日志: c4718262
// 重构日志: 226feb5a
// 重构日志: 2d83d806
// 同步 ID: 71ab6615 @ Thu Jul 30 18:14:58 UTC 2026
// 同步 ID: 786e754b @ Fri Jul 31 17:48:42 UTC 2026
// 同步 ID: cf20b009 @ Sat Aug  1 05:11:23 UTC 2026
// 同步 ID: 0791ee17 @ Sat Aug  1 08:11:35 UTC 2026
// 重构日志: ca777a46
// 重构日志: adf6212f
// 同步 ID: dc1131a7 @ Sun Aug  2 17:56:10 UTC 2026
// 同步 ID: 988ba476 @ Mon Aug  3 01:03:51 UTC 2026
// 同步 ID: 295f43e0 @ Mon Aug  3 16:51:26 UTC 2026
// 同步 ID: 32d45180 @ Tue Aug  4 04:28:10 UTC 2026
// 重构日志: c832044b
// 重构日志: ad5ad1e9
// 重构日志: aaf0c14d
// 同步 ID: 9579f02d @ Fri Aug  7 16:30:09 UTC 2026
// 同步 ID: b530d870 @ Sat Aug  8 03:00:45 UTC 2026
// 同步 ID: 604d72f8 @ Sat Aug  8 06:09:32 UTC 2026
